# Golden Snapshot: simple-test
# Terminal Size: 80x24
# Timestamp: SystemTime { tv_sec: 1754919165, tv_nsec: 974260826 }
---
