# Golden Snapshot: completion-u-tab
# Terminal Size: 80x24
# Timestamp: SystemTime { tv_sec: 1754921729, tv_nsec: 978044352 }
---
