# Golden Snapshot: initial-prompt
# Terminal Size: 80x24
# Timestamp: SystemTime { tv_sec: 1754921682, tv_nsec: 175327357 }
---
